shots 561 in 65 s
scenes 134 | eligible 31 in 73 s
scene007    1.3m →    1.9m     36s  shots=5
scene019    4.9m →    5.5m     35s  shots=3
scene021    5.6m →    6.8m     74s  shots=11
scene026    8.0m →    9.3m     83s  shots=12
scene027    9.3m →   11.2m    113s  shots=4
scene032   12.0m →   14.5m    147s  shots=10
scene045   24.3m →   24.8m     34s  shots=8
scene047   27.7m →   28.8m     64s  shots=4
scene051   36.1m →   37.4m     76s  shots=8
scene055   45.1m →   45.7m     33s  shots=4
scene062   68.7m →   70.0m     78s  shots=9
scene063   70.0m →   72.5m    145s  shots=4
scene064   72.5m →   73.1m     39s  shots=10
scene070   81.8m →   83.6m    112s  shots=3
scene071   83.6m →   84.8m     69s  shots=6
scene072   84.8m →   86.2m     87s  shots=5
scene073   86.2m →   88.5m    135s  shots=10
scene076   95.6m →   96.3m     42s  shots=4
scene077   96.3m →   97.6m     77s  shots=6
scene079   97.7m →   99.3m     95s  shots=11
scene085  101.5m →  102.3m     46s  shots=6
scene086  102.3m →  103.0m     44s  shots=7
scene092  104.2m →  104.9m     44s  shots=3
scene094  105.3m →  106.2m     55s  shots=9
scene096  106.5m →  107.6m     65s  shots=12
scene097  107.6m →  108.5m     52s  shots=5
scene103  109.4m →  110.0m     35s  shots=6
scene105  113.0m →  115.4m    147s  shots=4
scene108  116.0m →  116.6m     37s  shots=3
scene116  119.2m →  120.2m     59s  shots=6
scene130  125.0m →  125.7m     41s  shots=3
